// Jest Snapshot v1, https://goo.gl/fbAQLP

exports[`<Paragraphs /> spec renders the component 1`] = `
<div
  class="notebookParagraphWrapper"
>
  <div
    class="notebooks-paragraph notebooks-paragraph-light"
  >
    <div
      data-test-subj="mock-paragraph"
    />
  </div>
</div>
`;

exports[`<Paragraphs /> spec use SavedObject find to fetch visualizations when dataSourceEnabled 1`] = `
<div
  class="notebookParagraphWrapper"
>
  <div
    class="notebooks-paragraph notebooks-paragraph-light"
  >
    <div
      data-test-subj="mock-paragraph"
    />
  </div>
</div>
`;
